// Jest Snapshot v1, https://goo.gl/fbAQLP

exports[`<SearchScreen /> renders correctly 1`] = `
<View
  style={
    Object {
      "alignItems": "center",
      "backgroundColor": "#fff",
      "flex": 1,
      "height": 1334,
      "justifyContent": "space-around",
    }
  }
>
  <View
    style={
      Array [
        Object {
          "alignItems": "flex-start",
          "backgroundColor": "#fff",
          "flex": 5,
          "justifyContent": "center",
          "paddingLeft": 32,
          "paddingRight": 32,
          "width": "100%",
        },
      ]
    }
  >
    <View
      style={
        Object {
          "flex": 1,
          "flexDirection": "row-reverse",
          "position": "absolute",
          "right": 30,
          "top": 30,
        }
      }
    >
      <View
        accessible={true}
        focusable={true}
        isTVSelectable={true}
        onClick={[Function]}
        onResponderGrant={[Function]}
        onResponderMove={[Function]}
        onResponderRelease={[Function]}
        onResponderTerminate={[Function]}
        onResponderTerminationRequest={[Function]}
        onStartShouldSetResponder={[Function]}
        style={
          Object {
            "opacity": 1,
          }
        }
      >
        <Image
          source={1}
          style={
            Object {
              "height": 25,
              "marginLeft": 20,
              "width": 25,
            }
          }
        />
      </View>
      <View
        accessible={true}
        focusable={true}
        isTVSelectable={true}
        onClick={[Function]}
        onResponderGrant={[Function]}
        onResponderMove={[Function]}
        onResponderRelease={[Function]}
        onResponderTerminate={[Function]}
        onResponderTerminationRequest={[Function]}
        onStartShouldSetResponder={[Function]}
        style={
          Object {
            "opacity": 1,
          }
        }
      >
        <Image
          source={1}
          style={
            Object {
              "height": 25,
              "marginLeft": 20,
              "width": 25,
            }
          }
        />
      </View>
      <View
        accessible={true}
        focusable={true}
        isTVSelectable={true}
        onClick={[Function]}
        onResponderGrant={[Function]}
        onResponderMove={[Function]}
        onResponderRelease={[Function]}
        onResponderTerminate={[Function]}
        onResponderTerminationRequest={[Function]}
        onStartShouldSetResponder={[Function]}
        style={
          Object {
            "opacity": 1,
          }
        }
      >
        <Image
          source={1}
          style={
            Object {
              "height": 25,
              "marginLeft": 20,
              "width": 25,
            }
          }
        />
      </View>
    </View>
    <Image
      source={1}
      style={
        Object {
          "height": 65,
          "marginBottom": 40,
          "width": 65,
        }
      }
    />
    <Text
      style={
        Array [
          Object {
            "color": "#ed4848",
            "fontFamily": "nunito-extrabold",
            "fontSize": 20,
          },
          Object {
            "fontSize": 24,
          },
        ]
      }
    >
      Search for recipes
    </Text>
    <Text
      style={
        Array [
          Object {
            "color": "#ed4848",
            "fontFamily": "nunito-regular",
            "fontSize": 11,
            "textAlign": "center",
          },
          Object {
            "paddingTop": 5,
            "textAlign": "left",
          },
        ]
      }
    >
      You can search by entering the ingredients you have
    </Text>
    <Text
      style={
        Array [
          Object {
            "color": "#ed4848",
            "fontFamily": "nunito-regular",
            "fontSize": 11,
            "textAlign": "center",
          },
          Object {
            "paddingBottom": 15,
            "textAlign": "left",
          },
        ]
      }
    >
      or by typing in a recipe name
    </Text>
    <Image
      source={1}
      style={
        Object {
          "height": 20,
          "position": "absolute",
          "right": 50,
          "top": 217,
          "width": 20,
          "zIndex": 2,
        }
      }
    />
    <View
      style={
        Array [
          Object {
            "zIndex": 1,
          },
          Object {
            "alignSelf": "center",
            "height": 34,
            "marginBottom": 20,
            "width": 350,
          },
        ]
      }
    >
      <View
        style={
          Array [
            Object {
              "borderColor": "#b9b9b9",
              "borderRadius": 1,
              "borderWidth": 1,
            },
            Object {
              "borderColor": "#ed4848",
              "borderRadius": 10,
              "borderWidth": 1,
              "paddingLeft": 10,
              "paddingRight": 10,
            },
          ]
        }
      >
        <TextInput
          allowFontScaling={true}
          containerStyle={
            Object {
              "alignSelf": "center",
              "height": 34,
              "marginBottom": 20,
              "width": 350,
            }
          }
          data={Array []}
          defaultValue=""
          flatListProps={Object {}}
          inputContainerStyle={
            Object {
              "borderColor": "#ed4848",
              "borderRadius": 10,
              "borderWidth": 1,
              "paddingLeft": 10,
              "paddingRight": 10,
            }
          }
          keyboardShouldPersistTaps="always"
          listStyle={
            Object {
              "borderWidth": 0,
            }
          }
          onChangeText={[Function]}
          onEndEditing={[Function]}
          onStartShouldSetResponderCapture={[Function]}
          rejectResponderTermination={true}
          renderItem={[Function]}
          renderSeparator={null}
          renderTextInput={[Function]}
          style={
            Array [
              Object {
                "backgroundColor": "white",
                "height": 40,
                "paddingLeft": 3,
              },
              undefined,
            ]
          }
          underlineColorAndroid="transparent"
        />
      </View>
      <View
        onStartShouldSetResponderCapture={[Function]}
      />
    </View>
  </View>
  <View
    style={
      Array [
        Object {
          "alignItems": "flex-start",
          "backgroundColor": "#ed4848",
          "flex": 8,
          "justifyContent": "flex-start",
          "paddingBottom": 65,
          "paddingLeft": 32,
          "paddingRight": 32,
          "paddingTop": 20,
          "width": "100%",
          "zIndex": -1,
        },
      ]
    }
  >
    <Text
      style={
        Array [
          Object {
            "color": "#ed4848",
            "fontFamily": "nunito-extrabold",
            "fontSize": 20,
          },
          Object {
            "color": "#fff",
            "fontSize": 24,
            "width": 350,
          },
        ]
      }
    >
      Ingredients:
    </Text>
    <View
      accessible={true}
      focusable={true}
      isTVSelectable={true}
      onClick={[Function]}
      onResponderGrant={[Function]}
      onResponderMove={[Function]}
      onResponderRelease={[Function]}
      onResponderTerminate={[Function]}
      onResponderTerminationRequest={[Function]}
      onStartShouldSetResponder={[Function]}
      style={
        Object {
          "opacity": 1,
          "position": "absolute",
          "right": 40,
          "top": 30,
        }
      }
    >
      <Text
        style={
          Array [
            Object {
              "color": "#ed4848",
              "fontFamily": "nunito-regular",
              "fontSize": 11,
              "textAlign": "center",
            },
            Object {
              "color": "#fff",
              "fontSize": 14,
            },
          ]
        }
      >
        CLEAR
      </Text>
    </View>
    <View
      style={
        Object {
          "alignItems": "center",
          "flex": 1,
          "flexDirection": "row",
          "flexWrap": "wrap",
          "justifyContent": "flex-start",
          "paddingBottom": 5,
          "paddingTop": 15,
        }
      }
    />
    <View
      accessible={true}
      focusable={true}
      isTVSelectable={true}
      onClick={[Function]}
      onResponderGrant={[Function]}
      onResponderMove={[Function]}
      onResponderRelease={[Function]}
      onResponderTerminate={[Function]}
      onResponderTerminationRequest={[Function]}
      onStartShouldSetResponder={[Function]}
      style={
        Object {
          "backgroundColor": "#fff",
          "borderColor": "#ed4848",
          "borderRadius": 5,
          "borderWidth": 10,
          "justifyContent": "center",
          "opacity": 1,
          "paddingBottom": 10,
          "paddingTop": 10,
          "width": 350,
        }
      }
    >
      <Text
        style={
          Array [
            Object {
              "color": "white",
              "fontFamily": "nunito-bold",
              "paddingLeft": 10,
              "paddingRight": 10,
              "textAlign": "center",
            },
            Object {
              "color": "#ed4848",
            },
          ]
        }
      >
        Find Recipes
      </Text>
    </View>
  </View>
</View>
`;
